[0.012s] Invoking command in '/home/c/Formax_wuren_shixi/ros2_learning-main/ros2_homework_basic_ws/build/ros2_homework_basic_package': CMAKE_PREFIX_PATH=${CMAKE_PREFIX_PATH}:/home/c/dev_ws/install/learning_urdf:/home/c/dev_ws/install/learning_topic:/home/c/dev_ws/install/learning_tf:/home/c/dev_ws/install/learning_service:/home/c/dev_ws/install/learning_qos:/home/c/dev_ws/install/learning_pkg_python:/home/c/dev_ws/install/learning_parameter:/home/c/dev_ws/install/learning_node:/home/c/dev_ws/install/learning_launch:/home/c/dev_ws/install/learning_action:/home/c/dev_ws/install/learning_gazebo_harmonic:/home/c/dev_ws/install/learning_gazebo:/home/c/dev_ws/install/learning_cv:/opt/ros/jazzy DEBUGINFOD_URLS=https://debuginfod.ubuntu.com PS1=\n(TraeAI-4) \w [$?] $ __trae_PS1=\n(TraeAI-4) \w [$?] $ /usr/bin/cmake --build /home/c/Formax_wuren_shixi/ros2_learning-main/ros2_homework_basic_ws/build/ros2_homework_basic_package -- -j16 -l16
[0.072s] [ 50%] [32mBuilding CXX object CMakeFiles/turtle_figure_eight.dir/src/turtle_figure_eight.cpp.o[0m
[3.496s] [100%] [32m[1mLinking CXX executable turtle_figure_eight[0m
[3.643s] [100%] Built target turtle_figure_eight
[3.655s] Invoked command in '/home/c/Formax_wuren_shixi/ros2_learning-main/ros2_homework_basic_ws/build/ros2_homework_basic_package' returned '0': CMAKE_PREFIX_PATH=${CMAKE_PREFIX_PATH}:/home/c/dev_ws/install/learning_urdf:/home/c/dev_ws/install/learning_topic:/home/c/dev_ws/install/learning_tf:/home/c/dev_ws/install/learning_service:/home/c/dev_ws/install/learning_qos:/home/c/dev_ws/install/learning_pkg_python:/home/c/dev_ws/install/learning_parameter:/home/c/dev_ws/install/learning_node:/home/c/dev_ws/install/learning_launch:/home/c/dev_ws/install/learning_action:/home/c/dev_ws/install/learning_gazebo_harmonic:/home/c/dev_ws/install/learning_gazebo:/home/c/dev_ws/install/learning_cv:/opt/ros/jazzy DEBUGINFOD_URLS=https://debuginfod.ubuntu.com PS1=\n(TraeAI-4) \w [$?] $ __trae_PS1=\n(TraeAI-4) \w [$?] $ /usr/bin/cmake --build /home/c/Formax_wuren_shixi/ros2_learning-main/ros2_homework_basic_ws/build/ros2_homework_basic_package -- -j16 -l16
[3.665s] Invoking command in '/home/c/Formax_wuren_shixi/ros2_learning-main/ros2_homework_basic_ws/build/ros2_homework_basic_package': CMAKE_PREFIX_PATH=${CMAKE_PREFIX_PATH}:/home/c/dev_ws/install/learning_urdf:/home/c/dev_ws/install/learning_topic:/home/c/dev_ws/install/learning_tf:/home/c/dev_ws/install/learning_service:/home/c/dev_ws/install/learning_qos:/home/c/dev_ws/install/learning_pkg_python:/home/c/dev_ws/install/learning_parameter:/home/c/dev_ws/install/learning_node:/home/c/dev_ws/install/learning_launch:/home/c/dev_ws/install/learning_action:/home/c/dev_ws/install/learning_gazebo_harmonic:/home/c/dev_ws/install/learning_gazebo:/home/c/dev_ws/install/learning_cv:/opt/ros/jazzy DEBUGINFOD_URLS=https://debuginfod.ubuntu.com PS1=\n(TraeAI-4) \w [$?] $ __trae_PS1=\n(TraeAI-4) \w [$?] $ /usr/bin/cmake --install /home/c/Formax_wuren_shixi/ros2_learning-main/ros2_homework_basic_ws/build/ros2_homework_basic_package
[3.671s] -- Install configuration: ""
[3.671s] -- Installing: /home/c/Formax_wuren_shixi/ros2_learning-main/ros2_homework_basic_ws/install/ros2_homework_basic_package/lib/ros2_homework_basic_package/turtle_figure_eight
[3.672s] -- Set non-toolchain portion of runtime path of "/home/c/Formax_wuren_shixi/ros2_learning-main/ros2_homework_basic_ws/install/ros2_homework_basic_package/lib/ros2_homework_basic_package/turtle_figure_eight" to ""
[3.672s] -- Up-to-date: /home/c/Formax_wuren_shixi/ros2_learning-main/ros2_homework_basic_ws/install/ros2_homework_basic_package/share/ros2_homework_basic_package//launch
[3.672s] -- Up-to-date: /home/c/Formax_wuren_shixi/ros2_learning-main/ros2_homework_basic_ws/install/ros2_homework_basic_package/share/ros2_homework_basic_package//launch/turtle_figure_eight.launch.py
[3.673s] -- Up-to-date: /home/c/Formax_wuren_shixi/ros2_learning-main/ros2_homework_basic_ws/install/ros2_homework_basic_package/share/ros2_homework_basic_package//config
[3.673s] -- Up-to-date: /home/c/Formax_wuren_shixi/ros2_learning-main/ros2_homework_basic_ws/install/ros2_homework_basic_package/share/ros2_homework_basic_package//config/turtle_params.yaml
[3.673s] -- Up-to-date: /home/c/Formax_wuren_shixi/ros2_learning-main/ros2_homework_basic_ws/install/ros2_homework_basic_package/share/ament_index/resource_index/package_run_dependencies/ros2_homework_basic_package
[3.673s] -- Up-to-date: /home/c/Formax_wuren_shixi/ros2_learning-main/ros2_homework_basic_ws/install/ros2_homework_basic_package/share/ament_index/resource_index/parent_prefix_path/ros2_homework_basic_package
[3.673s] -- Up-to-date: /home/c/Formax_wuren_shixi/ros2_learning-main/ros2_homework_basic_ws/install/ros2_homework_basic_package/share/ros2_homework_basic_package/environment/ament_prefix_path.sh
[3.673s] -- Up-to-date: /home/c/Formax_wuren_shixi/ros2_learning-main/ros2_homework_basic_ws/install/ros2_homework_basic_package/share/ros2_homework_basic_package/environment/ament_prefix_path.dsv
[3.673s] -- Up-to-date: /home/c/Formax_wuren_shixi/ros2_learning-main/ros2_homework_basic_ws/install/ros2_homework_basic_package/share/ros2_homework_basic_package/environment/path.sh
[3.673s] -- Up-to-date: /home/c/Formax_wuren_shixi/ros2_learning-main/ros2_homework_basic_ws/install/ros2_homework_basic_package/share/ros2_homework_basic_package/environment/path.dsv
[3.673s] -- Up-to-date: /home/c/Formax_wuren_shixi/ros2_learning-main/ros2_homework_basic_ws/install/ros2_homework_basic_package/share/ros2_homework_basic_package/local_setup.bash
[3.673s] -- Up-to-date: /home/c/Formax_wuren_shixi/ros2_learning-main/ros2_homework_basic_ws/install/ros2_homework_basic_package/share/ros2_homework_basic_package/local_setup.sh
[3.673s] -- Up-to-date: /home/c/Formax_wuren_shixi/ros2_learning-main/ros2_homework_basic_ws/install/ros2_homework_basic_package/share/ros2_homework_basic_package/local_setup.zsh
[3.673s] -- Up-to-date: /home/c/Formax_wuren_shixi/ros2_learning-main/ros2_homework_basic_ws/install/ros2_homework_basic_package/share/ros2_homework_basic_package/local_setup.dsv
[3.673s] -- Installing: /home/c/Formax_wuren_shixi/ros2_learning-main/ros2_homework_basic_ws/install/ros2_homework_basic_package/share/ros2_homework_basic_package/package.dsv
[3.673s] -- Up-to-date: /home/c/Formax_wuren_shixi/ros2_learning-main/ros2_homework_basic_ws/install/ros2_homework_basic_package/share/ament_index/resource_index/packages/ros2_homework_basic_package
[3.673s] -- Up-to-date: /home/c/Formax_wuren_shixi/ros2_learning-main/ros2_homework_basic_ws/install/ros2_homework_basic_package/share/ros2_homework_basic_package/cmake/ros2_homework_basic_packageConfig.cmake
[3.673s] -- Up-to-date: /home/c/Formax_wuren_shixi/ros2_learning-main/ros2_homework_basic_ws/install/ros2_homework_basic_package/share/ros2_homework_basic_package/cmake/ros2_homework_basic_packageConfig-version.cmake
[3.673s] -- Up-to-date: /home/c/Formax_wuren_shixi/ros2_learning-main/ros2_homework_basic_ws/install/ros2_homework_basic_package/share/ros2_homework_basic_package/package.xml
[3.674s] Invoked command in '/home/c/Formax_wuren_shixi/ros2_learning-main/ros2_homework_basic_ws/build/ros2_homework_basic_package' returned '0': CMAKE_PREFIX_PATH=${CMAKE_PREFIX_PATH}:/home/c/dev_ws/install/learning_urdf:/home/c/dev_ws/install/learning_topic:/home/c/dev_ws/install/learning_tf:/home/c/dev_ws/install/learning_service:/home/c/dev_ws/install/learning_qos:/home/c/dev_ws/install/learning_pkg_python:/home/c/dev_ws/install/learning_parameter:/home/c/dev_ws/install/learning_node:/home/c/dev_ws/install/learning_launch:/home/c/dev_ws/install/learning_action:/home/c/dev_ws/install/learning_gazebo_harmonic:/home/c/dev_ws/install/learning_gazebo:/home/c/dev_ws/install/learning_cv:/opt/ros/jazzy DEBUGINFOD_URLS=https://debuginfod.ubuntu.com PS1=\n(TraeAI-4) \w [$?] $ __trae_PS1=\n(TraeAI-4) \w [$?] $ /usr/bin/cmake --install /home/c/Formax_wuren_shixi/ros2_learning-main/ros2_homework_basic_ws/build/ros2_homework_basic_package
