[0.009s] Invoking command in '/home/c/Formax_wuren_shixi/ros2_learning-main/ros2_homework_basic_ws/build/ros2_homework_basic_package': CMAKE_PREFIX_PATH=${CMAKE_PREFIX_PATH}:/home/c/dev_ws/install/learning_urdf:/home/c/dev_ws/install/learning_topic:/home/c/dev_ws/install/learning_tf:/home/c/dev_ws/install/learning_service:/home/c/dev_ws/install/learning_qos:/home/c/dev_ws/install/learning_pkg_python:/home/c/dev_ws/install/learning_parameter:/home/c/dev_ws/install/learning_node:/home/c/dev_ws/install/learning_launch:/home/c/dev_ws/install/learning_action:/home/c/dev_ws/install/learning_gazebo_harmonic:/home/c/dev_ws/install/learning_gazebo:/home/c/dev_ws/install/learning_cv:/opt/ros/jazzy DEBUGINFOD_URLS=https://debuginfod.ubuntu.com /usr/bin/cmake /home/c/Formax_wuren_shixi/ros2_learning-main/ros2_homework_basic_ws/src/ros2_homework_basic_package -DCMAKE_INSTALL_PREFIX=/home/c/Formax_wuren_shixi/ros2_learning-main/ros2_homework_basic_ws/install/ros2_homework_basic_package
[0.062s] -- The C compiler identification is GNU 13.3.0
[0.112s] -- The CXX compiler identification is GNU 13.3.0
[0.130s] -- Detecting C compiler ABI info
[0.219s] -- Detecting C compiler ABI info - done
[0.226s] -- Check for working C compiler: /usr/bin/cc - skipped
[0.226s] -- Detecting C compile features
[0.226s] -- Detecting C compile features - done
[0.236s] -- Detecting CXX compiler ABI info
[0.340s] -- Detecting CXX compiler ABI info - done
[0.348s] -- Check for working CXX compiler: /usr/bin/c++ - skipped
[0.348s] -- Detecting CXX compile features
[0.348s] -- Detecting CXX compile features - done
[0.352s] -- Found ament_cmake: 2.5.6 (/opt/ros/jazzy/share/ament_cmake/cmake)
[0.511s] -- Found Python3: /usr/bin/python3 (found version "3.12.3") found components: Interpreter 
[0.629s] -- Found rclcpp: 28.1.18 (/opt/ros/jazzy/share/rclcpp/cmake)
[0.675s] -- Found rosidl_generator_c: 4.6.7 (/opt/ros/jazzy/share/rosidl_generator_c/cmake)
[0.690s] -- Found rosidl_generator_cpp: 4.6.7 (/opt/ros/jazzy/share/rosidl_generator_cpp/cmake)
[0.708s] -- Using all available rosidl_typesupport_c: rosidl_typesupport_fastrtps_c;rosidl_typesupport_introspection_c
[0.727s] -- Using all available rosidl_typesupport_cpp: rosidl_typesupport_fastrtps_cpp;rosidl_typesupport_introspection_cpp
[0.808s] -- Found rmw_implementation_cmake: 7.3.3 (/opt/ros/jazzy/share/rmw_implementation_cmake/cmake)
[0.812s] -- Found rmw_fastrtps_cpp: 8.4.3 (/opt/ros/jazzy/share/rmw_fastrtps_cpp/cmake)
[0.901s] -- Found OpenSSL: /usr/lib/x86_64-linux-gnu/libcrypto.so (found version "3.0.13")  
[0.921s] -- Found FastRTPS: /opt/ros/jazzy/include (Required is at least version "2.13") 
[0.945s] -- Using RMW implementation 'rmw_fastrtps_cpp' as default
[1.018s] -- Found geometry_msgs: 5.3.7 (/opt/ros/jazzy/share/geometry_msgs/cmake)
[1.050s] -- Found ament_lint_auto: 0.17.5 (/opt/ros/jazzy/share/ament_lint_auto/cmake)
[1.158s] -- Added test 'copyright' to check source files copyright and LICENSE
[1.160s] -- Added test 'cppcheck' to perform static code analysis on C / C++ code
[1.160s] -- Configured cppcheck include dirs: 
[1.160s] -- Configured cppcheck exclude dirs and/or files: 
[1.161s] -- Added test 'cpplint' to check C / C++ code against the Google style
[1.161s] -- Configured cpplint exclude dirs and/or files: 
[1.162s] -- Added test 'flake8' to check Python code syntax and style conventions
[1.162s] -- Configured 'flake8' exclude dirs and/or files: 
[1.163s] -- Added test 'lint_cmake' to check CMake code style
[1.163s] -- Added test 'pep257' to check Python code against some of the docstring style conventions in PEP 257
[1.165s] -- Added test 'uncrustify' to check C / C++ code style
[1.165s] -- Configured uncrustify additional arguments: 
[1.165s] -- Added test 'xmllint' to check XML markup files
[1.167s] -- Configuring done (1.1s)
[1.176s] -- Generating done (0.0s)
[1.180s] -- Build files have been written to: /home/c/Formax_wuren_shixi/ros2_learning-main/ros2_homework_basic_ws/build/ros2_homework_basic_package
[1.191s] Invoked command in '/home/c/Formax_wuren_shixi/ros2_learning-main/ros2_homework_basic_ws/build/ros2_homework_basic_package' returned '0': CMAKE_PREFIX_PATH=${CMAKE_PREFIX_PATH}:/home/c/dev_ws/install/learning_urdf:/home/c/dev_ws/install/learning_topic:/home/c/dev_ws/install/learning_tf:/home/c/dev_ws/install/learning_service:/home/c/dev_ws/install/learning_qos:/home/c/dev_ws/install/learning_pkg_python:/home/c/dev_ws/install/learning_parameter:/home/c/dev_ws/install/learning_node:/home/c/dev_ws/install/learning_launch:/home/c/dev_ws/install/learning_action:/home/c/dev_ws/install/learning_gazebo_harmonic:/home/c/dev_ws/install/learning_gazebo:/home/c/dev_ws/install/learning_cv:/opt/ros/jazzy DEBUGINFOD_URLS=https://debuginfod.ubuntu.com /usr/bin/cmake /home/c/Formax_wuren_shixi/ros2_learning-main/ros2_homework_basic_ws/src/ros2_homework_basic_package -DCMAKE_INSTALL_PREFIX=/home/c/Formax_wuren_shixi/ros2_learning-main/ros2_homework_basic_ws/install/ros2_homework_basic_package
[1.192s] Invoking command in '/home/c/Formax_wuren_shixi/ros2_learning-main/ros2_homework_basic_ws/build/ros2_homework_basic_package': CMAKE_PREFIX_PATH=${CMAKE_PREFIX_PATH}:/home/c/dev_ws/install/learning_urdf:/home/c/dev_ws/install/learning_topic:/home/c/dev_ws/install/learning_tf:/home/c/dev_ws/install/learning_service:/home/c/dev_ws/install/learning_qos:/home/c/dev_ws/install/learning_pkg_python:/home/c/dev_ws/install/learning_parameter:/home/c/dev_ws/install/learning_node:/home/c/dev_ws/install/learning_launch:/home/c/dev_ws/install/learning_action:/home/c/dev_ws/install/learning_gazebo_harmonic:/home/c/dev_ws/install/learning_gazebo:/home/c/dev_ws/install/learning_cv:/opt/ros/jazzy DEBUGINFOD_URLS=https://debuginfod.ubuntu.com /usr/bin/cmake --build /home/c/Formax_wuren_shixi/ros2_learning-main/ros2_homework_basic_ws/build/ros2_homework_basic_package -- -j16 -l16
[1.249s] [ 50%] [32mBuilding CXX object CMakeFiles/bazi.dir/src/bazi.cpp.o[0m
[4.804s] [100%] [32m[1mLinking CXX executable bazi[0m
[4.953s] [100%] Built target bazi
[4.965s] Invoked command in '/home/c/Formax_wuren_shixi/ros2_learning-main/ros2_homework_basic_ws/build/ros2_homework_basic_package' returned '0': CMAKE_PREFIX_PATH=${CMAKE_PREFIX_PATH}:/home/c/dev_ws/install/learning_urdf:/home/c/dev_ws/install/learning_topic:/home/c/dev_ws/install/learning_tf:/home/c/dev_ws/install/learning_service:/home/c/dev_ws/install/learning_qos:/home/c/dev_ws/install/learning_pkg_python:/home/c/dev_ws/install/learning_parameter:/home/c/dev_ws/install/learning_node:/home/c/dev_ws/install/learning_launch:/home/c/dev_ws/install/learning_action:/home/c/dev_ws/install/learning_gazebo_harmonic:/home/c/dev_ws/install/learning_gazebo:/home/c/dev_ws/install/learning_cv:/opt/ros/jazzy DEBUGINFOD_URLS=https://debuginfod.ubuntu.com /usr/bin/cmake --build /home/c/Formax_wuren_shixi/ros2_learning-main/ros2_homework_basic_ws/build/ros2_homework_basic_package -- -j16 -l16
[4.976s] Invoking command in '/home/c/Formax_wuren_shixi/ros2_learning-main/ros2_homework_basic_ws/build/ros2_homework_basic_package': CMAKE_PREFIX_PATH=${CMAKE_PREFIX_PATH}:/home/c/dev_ws/install/learning_urdf:/home/c/dev_ws/install/learning_topic:/home/c/dev_ws/install/learning_tf:/home/c/dev_ws/install/learning_service:/home/c/dev_ws/install/learning_qos:/home/c/dev_ws/install/learning_pkg_python:/home/c/dev_ws/install/learning_parameter:/home/c/dev_ws/install/learning_node:/home/c/dev_ws/install/learning_launch:/home/c/dev_ws/install/learning_action:/home/c/dev_ws/install/learning_gazebo_harmonic:/home/c/dev_ws/install/learning_gazebo:/home/c/dev_ws/install/learning_cv:/opt/ros/jazzy DEBUGINFOD_URLS=https://debuginfod.ubuntu.com /usr/bin/cmake --install /home/c/Formax_wuren_shixi/ros2_learning-main/ros2_homework_basic_ws/build/ros2_homework_basic_package
[4.985s] -- Install configuration: ""
[4.985s] -- Installing: /home/c/Formax_wuren_shixi/ros2_learning-main/ros2_homework_basic_ws/install/ros2_homework_basic_package/lib/ros2_homework_basic_package/bazi
[4.986s] -- Set non-toolchain portion of runtime path of "/home/c/Formax_wuren_shixi/ros2_learning-main/ros2_homework_basic_ws/install/ros2_homework_basic_package/lib/ros2_homework_basic_package/bazi" to ""
[4.986s] -- Installing: /home/c/Formax_wuren_shixi/ros2_learning-main/ros2_homework_basic_ws/install/ros2_homework_basic_package/share/ros2_homework_basic_package//launch
[4.986s] -- Installing: /home/c/Formax_wuren_shixi/ros2_learning-main/ros2_homework_basic_ws/install/ros2_homework_basic_package/share/ros2_homework_basic_package//launch/turtle_figure_eight.launch.py
[4.987s] -- Installing: /home/c/Formax_wuren_shixi/ros2_learning-main/ros2_homework_basic_ws/install/ros2_homework_basic_package/share/ros2_homework_basic_package//config
[4.987s] -- Installing: /home/c/Formax_wuren_shixi/ros2_learning-main/ros2_homework_basic_ws/install/ros2_homework_basic_package/share/ros2_homework_basic_package//config/turtle_params.yaml
[4.987s] -- Installing: /home/c/Formax_wuren_shixi/ros2_learning-main/ros2_homework_basic_ws/install/ros2_homework_basic_package/share/ament_index/resource_index/package_run_dependencies/ros2_homework_basic_package
[4.987s] -- Installing: /home/c/Formax_wuren_shixi/ros2_learning-main/ros2_homework_basic_ws/install/ros2_homework_basic_package/share/ament_index/resource_index/parent_prefix_path/ros2_homework_basic_package
[4.987s] -- Installing: /home/c/Formax_wuren_shixi/ros2_learning-main/ros2_homework_basic_ws/install/ros2_homework_basic_package/share/ros2_homework_basic_package/environment/ament_prefix_path.sh
[4.987s] -- Installing: /home/c/Formax_wuren_shixi/ros2_learning-main/ros2_homework_basic_ws/install/ros2_homework_basic_package/share/ros2_homework_basic_package/environment/ament_prefix_path.dsv
[4.987s] -- Installing: /home/c/Formax_wuren_shixi/ros2_learning-main/ros2_homework_basic_ws/install/ros2_homework_basic_package/share/ros2_homework_basic_package/environment/path.sh
[4.987s] -- Installing: /home/c/Formax_wuren_shixi/ros2_learning-main/ros2_homework_basic_ws/install/ros2_homework_basic_package/share/ros2_homework_basic_package/environment/path.dsv
[4.987s] -- Installing: /home/c/Formax_wuren_shixi/ros2_learning-main/ros2_homework_basic_ws/install/ros2_homework_basic_package/share/ros2_homework_basic_package/local_setup.bash
[4.988s] -- Installing: /home/c/Formax_wuren_shixi/ros2_learning-main/ros2_homework_basic_ws/install/ros2_homework_basic_package/share/ros2_homework_basic_package/local_setup.sh
[4.988s] -- Installing: /home/c/Formax_wuren_shixi/ros2_learning-main/ros2_homework_basic_ws/install/ros2_homework_basic_package/share/ros2_homework_basic_package/local_setup.zsh
[4.988s] -- Installing: /home/c/Formax_wuren_shixi/ros2_learning-main/ros2_homework_basic_ws/install/ros2_homework_basic_package/share/ros2_homework_basic_package/local_setup.dsv
[4.988s] -- Installing: /home/c/Formax_wuren_shixi/ros2_learning-main/ros2_homework_basic_ws/install/ros2_homework_basic_package/share/ros2_homework_basic_package/package.dsv
[4.988s] -- Installing: /home/c/Formax_wuren_shixi/ros2_learning-main/ros2_homework_basic_ws/install/ros2_homework_basic_package/share/ament_index/resource_index/packages/ros2_homework_basic_package
[4.988s] -- Installing: /home/c/Formax_wuren_shixi/ros2_learning-main/ros2_homework_basic_ws/install/ros2_homework_basic_package/share/ros2_homework_basic_package/cmake/ros2_homework_basic_packageConfig.cmake
[4.988s] -- Installing: /home/c/Formax_wuren_shixi/ros2_learning-main/ros2_homework_basic_ws/install/ros2_homework_basic_package/share/ros2_homework_basic_package/cmake/ros2_homework_basic_packageConfig-version.cmake
[4.988s] -- Installing: /home/c/Formax_wuren_shixi/ros2_learning-main/ros2_homework_basic_ws/install/ros2_homework_basic_package/share/ros2_homework_basic_package/package.xml
[4.991s] Invoked command in '/home/c/Formax_wuren_shixi/ros2_learning-main/ros2_homework_basic_ws/build/ros2_homework_basic_package' returned '0': CMAKE_PREFIX_PATH=${CMAKE_PREFIX_PATH}:/home/c/dev_ws/install/learning_urdf:/home/c/dev_ws/install/learning_topic:/home/c/dev_ws/install/learning_tf:/home/c/dev_ws/install/learning_service:/home/c/dev_ws/install/learning_qos:/home/c/dev_ws/install/learning_pkg_python:/home/c/dev_ws/install/learning_parameter:/home/c/dev_ws/install/learning_node:/home/c/dev_ws/install/learning_launch:/home/c/dev_ws/install/learning_action:/home/c/dev_ws/install/learning_gazebo_harmonic:/home/c/dev_ws/install/learning_gazebo:/home/c/dev_ws/install/learning_cv:/opt/ros/jazzy DEBUGINFOD_URLS=https://debuginfod.ubuntu.com /usr/bin/cmake --install /home/c/Formax_wuren_shixi/ros2_learning-main/ros2_homework_basic_ws/build/ros2_homework_basic_package
