[100%] Built target turtle_figure_eight
-- Install configuration: ""
-- Up-to-date: /home/c/Formax_wuren_shixi/ros2_learning-main/ros2_homework_basic_ws/install/ros2_homework_basic_package/lib/ros2_homework_basic_package/turtle_figure_eight
-- Up-to-date: /home/c/Formax_wuren_shixi/ros2_learning-main/ros2_homework_basic_ws/install/ros2_homework_basic_package/share/ros2_homework_basic_package//launch
-- Up-to-date: /home/c/Formax_wuren_shixi/ros2_learning-main/ros2_homework_basic_ws/install/ros2_homework_basic_package/share/ros2_homework_basic_package//launch/turtle_figure_eight.launch.py
-- Up-to-date: /home/c/Formax_wuren_shixi/ros2_learning-main/ros2_homework_basic_ws/install/ros2_homework_basic_package/share/ros2_homework_basic_package//config
-- Installing: /home/c/Formax_wuren_shixi/ros2_learning-main/ros2_homework_basic_ws/install/ros2_homework_basic_package/share/ros2_homework_basic_package//config/turtle_params.yaml
-- Up-to-date: /home/c/Formax_wuren_shixi/ros2_learning-main/ros2_homework_basic_ws/install/ros2_homework_basic_package/share/ament_index/resource_index/package_run_dependencies/ros2_homework_basic_package
-- Up-to-date: /home/c/Formax_wuren_shixi/ros2_learning-main/ros2_homework_basic_ws/install/ros2_homework_basic_package/share/ament_index/resource_index/parent_prefix_path/ros2_homework_basic_package
-- Up-to-date: /home/c/Formax_wuren_shixi/ros2_learning-main/ros2_homework_basic_ws/install/ros2_homework_basic_package/share/ros2_homework_basic_package/environment/ament_prefix_path.sh
-- Up-to-date: /home/c/Formax_wuren_shixi/ros2_learning-main/ros2_homework_basic_ws/install/ros2_homework_basic_package/share/ros2_homework_basic_package/environment/ament_prefix_path.dsv
-- Up-to-date: /home/c/Formax_wuren_shixi/ros2_learning-main/ros2_homework_basic_ws/install/ros2_homework_basic_package/share/ros2_homework_basic_package/environment/path.sh
-- Up-to-date: /home/c/Formax_wuren_shixi/ros2_learning-main/ros2_homework_basic_ws/install/ros2_homework_basic_package/share/ros2_homework_basic_package/environment/path.dsv
-- Up-to-date: /home/c/Formax_wuren_shixi/ros2_learning-main/ros2_homework_basic_ws/install/ros2_homework_basic_package/share/ros2_homework_basic_package/local_setup.bash
-- Up-to-date: /home/c/Formax_wuren_shixi/ros2_learning-main/ros2_homework_basic_ws/install/ros2_homework_basic_package/share/ros2_homework_basic_package/local_setup.sh
-- Up-to-date: /home/c/Formax_wuren_shixi/ros2_learning-main/ros2_homework_basic_ws/install/ros2_homework_basic_package/share/ros2_homework_basic_package/local_setup.zsh
-- Up-to-date: /home/c/Formax_wuren_shixi/ros2_learning-main/ros2_homework_basic_ws/install/ros2_homework_basic_package/share/ros2_homework_basic_package/local_setup.dsv
-- Installing: /home/c/Formax_wuren_shixi/ros2_learning-main/ros2_homework_basic_ws/install/ros2_homework_basic_package/share/ros2_homework_basic_package/package.dsv
-- Up-to-date: /home/c/Formax_wuren_shixi/ros2_learning-main/ros2_homework_basic_ws/install/ros2_homework_basic_package/share/ament_index/resource_index/packages/ros2_homework_basic_package
-- Up-to-date: /home/c/Formax_wuren_shixi/ros2_learning-main/ros2_homework_basic_ws/install/ros2_homework_basic_package/share/ros2_homework_basic_package/cmake/ros2_homework_basic_packageConfig.cmake
-- Up-to-date: /home/c/Formax_wuren_shixi/ros2_learning-main/ros2_homework_basic_ws/install/ros2_homework_basic_package/share/ros2_homework_basic_package/cmake/ros2_homework_basic_packageConfig-version.cmake
-- Up-to-date: /home/c/Formax_wuren_shixi/ros2_learning-main/ros2_homework_basic_ws/install/ros2_homework_basic_package/share/ros2_homework_basic_package/package.xml
