[0.017s] Invoking command in '/home/c/Formax_wuren_shixi/ros2_learning-main/ros2_advanced/ros2_homework_advanced_ws/build/ros2_homework_advanced': AMENT_PREFIX_PATH=/home/c/Formax_wuren_shixi/ros2_learning-main/ros2_advanced/ros2_homework_advanced_ws/install/fsd_common_msgs:${AMENT_PREFIX_PATH} CMAKE_PREFIX_PATH=/home/c/Formax_wuren_shixi/ros2_learning-main/ros2_advanced/ros2_homework_advanced_ws/install/fsd_common_msgs:/home/c/dev_ws/install/learning_topic_cpp:/home/c/dev_ws/install/learning_tf_cpp:/home/c/dev_ws/install/learning_service_cpp:/home/c/dev_ws/install/learning_pkg_c:/home/c/dev_ws/install/learning_parameter_cpp:/home/c/dev_ws/install/learning_node_cpp:/home/c/dev_ws/install/learning_action_cpp:/home/c/dev_ws/install/learning_interface:/opt/ros/jazzy/opt/gz_math_vendor:/opt/ros/jazzy/opt/gz_utils_vendor:/opt/ros/jazzy/opt/gz_cmake_vendor:/home/c/dev_ws/install/learning_urdf:/home/c/dev_ws/install/learning_topic:/home/c/dev_ws/install/learning_tf:/home/c/dev_ws/install/learning_service:/home/c/dev_ws/install/learning_qos:/home/c/dev_ws/install/learning_pkg_python:/home/c/dev_ws/install/learning_parameter:/home/c/dev_ws/install/learning_node:/home/c/dev_ws/install/learning_launch:/home/c/dev_ws/install/learning_action:/home/c/dev_ws/install/learning_gazebo_harmonic:/home/c/dev_ws/install/learning_gazebo:/home/c/dev_ws/install/learning_cv:/opt/ros/jazzy DEBUGINFOD_URLS=https://debuginfod.ubuntu.com LD_LIBRARY_PATH=/home/c/Formax_wuren_shixi/ros2_learning-main/ros2_advanced/ros2_homework_advanced_ws/install/fsd_common_msgs/lib:${LD_LIBRARY_PATH} PYTHONPATH=/home/c/Formax_wuren_shixi/ros2_learning-main/ros2_advanced/ros2_homework_advanced_ws/install/fsd_common_msgs/lib/python3.12/site-packages:${PYTHONPATH} /usr/bin/cmake --build /home/c/Formax_wuren_shixi/ros2_learning-main/ros2_advanced/ros2_homework_advanced_ws/build/ros2_homework_advanced -- -j16 -l16
[0.055s] -- Found ament_cmake: 2.5.6 (/opt/ros/jazzy/share/ament_cmake/cmake)
[0.347s] -- Found rclcpp: 28.1.18 (/opt/ros/jazzy/share/rclcpp/cmake)
[0.377s] -- Found rosidl_generator_c: 4.6.7 (/opt/ros/jazzy/share/rosidl_generator_c/cmake)
[0.386s] -- Found rosidl_generator_cpp: 4.6.7 (/opt/ros/jazzy/share/rosidl_generator_cpp/cmake)
[0.400s] -- Using all available rosidl_typesupport_c: rosidl_typesupport_fastrtps_c;rosidl_typesupport_introspection_c
[0.415s] -- Using all available rosidl_typesupport_cpp: rosidl_typesupport_fastrtps_cpp;rosidl_typesupport_introspection_cpp
[0.485s] -- Found rmw_implementation_cmake: 7.3.3 (/opt/ros/jazzy/share/rmw_implementation_cmake/cmake)
[0.487s] -- Found rmw_fastrtps_cpp: 8.4.3 (/opt/ros/jazzy/share/rmw_fastrtps_cpp/cmake)
[0.565s] -- Using RMW implementation 'rmw_fastrtps_cpp' as default
[0.639s] -- Found visualization_msgs: 5.3.7 (/opt/ros/jazzy/share/visualization_msgs/cmake)
[0.732s] -- Found fsd_common_msgs: 0.0.0 (/home/c/Formax_wuren_shixi/ros2_learning-main/ros2_advanced/ros2_homework_advanced_ws/install/fsd_common_msgs/share/fsd_common_msgs/cmake)
[0.812s] -- Found ament_lint_auto: 0.17.5 (/opt/ros/jazzy/share/ament_lint_auto/cmake)
[0.921s] [31mCMake Error at /opt/ros/jazzy/share/ament_cmake_core/cmake/core/ament_package_xml.cmake:53 (message):
[0.921s]   ament_package_xml() package name 'ros2_homework_advanced' in '/package.xml'
[0.921s]   does not match current PROJECT_NAME 'map_visualizer'.  You must call
[0.921s]   project() with the same package name before.
[0.921s] Call Stack (most recent call first):
[0.921s]   /opt/ros/jazzy/share/ament_lint_auto/cmake/ament_lint_auto_find_test_dependencies.cmake:31 (ament_package_xml)
[0.921s]   CMakeLists.txt:45 (ament_lint_auto_find_test_dependencies)
[0.922s] 
[0.922s] [0m
[0.922s] -- Configuring incomplete, errors occurred!
[0.935s] gmake: *** [Makefile:267：cmake_check_build_system] 错误 1
[0.938s] Invoked command in '/home/c/Formax_wuren_shixi/ros2_learning-main/ros2_advanced/ros2_homework_advanced_ws/build/ros2_homework_advanced' returned '2': AMENT_PREFIX_PATH=/home/c/Formax_wuren_shixi/ros2_learning-main/ros2_advanced/ros2_homework_advanced_ws/install/fsd_common_msgs:${AMENT_PREFIX_PATH} CMAKE_PREFIX_PATH=/home/c/Formax_wuren_shixi/ros2_learning-main/ros2_advanced/ros2_homework_advanced_ws/install/fsd_common_msgs:/home/c/dev_ws/install/learning_topic_cpp:/home/c/dev_ws/install/learning_tf_cpp:/home/c/dev_ws/install/learning_service_cpp:/home/c/dev_ws/install/learning_pkg_c:/home/c/dev_ws/install/learning_parameter_cpp:/home/c/dev_ws/install/learning_node_cpp:/home/c/dev_ws/install/learning_action_cpp:/home/c/dev_ws/install/learning_interface:/opt/ros/jazzy/opt/gz_math_vendor:/opt/ros/jazzy/opt/gz_utils_vendor:/opt/ros/jazzy/opt/gz_cmake_vendor:/home/c/dev_ws/install/learning_urdf:/home/c/dev_ws/install/learning_topic:/home/c/dev_ws/install/learning_tf:/home/c/dev_ws/install/learning_service:/home/c/dev_ws/install/learning_qos:/home/c/dev_ws/install/learning_pkg_python:/home/c/dev_ws/install/learning_parameter:/home/c/dev_ws/install/learning_node:/home/c/dev_ws/install/learning_launch:/home/c/dev_ws/install/learning_action:/home/c/dev_ws/install/learning_gazebo_harmonic:/home/c/dev_ws/install/learning_gazebo:/home/c/dev_ws/install/learning_cv:/opt/ros/jazzy DEBUGINFOD_URLS=https://debuginfod.ubuntu.com LD_LIBRARY_PATH=/home/c/Formax_wuren_shixi/ros2_learning-main/ros2_advanced/ros2_homework_advanced_ws/install/fsd_common_msgs/lib:${LD_LIBRARY_PATH} PYTHONPATH=/home/c/Formax_wuren_shixi/ros2_learning-main/ros2_advanced/ros2_homework_advanced_ws/install/fsd_common_msgs/lib/python3.12/site-packages:${PYTHONPATH} /usr/bin/cmake --build /home/c/Formax_wuren_shixi/ros2_learning-main/ros2_advanced/ros2_homework_advanced_ws/build/ros2_homework_advanced -- -j16 -l16
