[0.009s] Invoking command in '/home/c/Formax_wuren_shixi/ros2_learning-main/ros2_homework_basic_ws/build/ros2_homework_basic_package': CMAKE_PREFIX_PATH=${CMAKE_PREFIX_PATH}:/home/c/dev_ws/install/learning_urdf:/home/c/dev_ws/install/learning_topic:/home/c/dev_ws/install/learning_tf:/home/c/dev_ws/install/learning_service:/home/c/dev_ws/install/learning_qos:/home/c/dev_ws/install/learning_pkg_python:/home/c/dev_ws/install/learning_parameter:/home/c/dev_ws/install/learning_node:/home/c/dev_ws/install/learning_launch:/home/c/dev_ws/install/learning_action:/home/c/dev_ws/install/learning_gazebo_harmonic:/home/c/dev_ws/install/learning_gazebo:/home/c/dev_ws/install/learning_cv:/opt/ros/jazzy DEBUGINFOD_URLS=https://debuginfod.ubuntu.com PS1=\n(TraeAI-2) \w [$?] $ __trae_PS1=\n(TraeAI-2) \w [$?] $ /usr/bin/cmake --build /home/c/Formax_wuren_shixi/ros2_learning-main/ros2_homework_basic_ws/build/ros2_homework_basic_package -- -j16 -l16
[0.074s] [ 50%] [32mBuilding CXX object CMakeFiles/bazi.dir/src/bazi.cpp.o[0m
[1.965s] In file included from [01m[K/opt/ros/jazzy/include/rclcpp/rclcpp/logging.hpp:24[m[K,
[1.966s]                  from [01m[K/opt/ros/jazzy/include/rclcpp/rclcpp/copy_all_parameter_values.hpp:27[m[K,
[1.966s]                  from [01m[K/opt/ros/jazzy/include/rclcpp/rclcpp/rclcpp.hpp:171[m[K,
[1.966s]                  from [01m[K/home/c/Formax_wuren_shixi/ros2_learning-main/ros2_homework_basic_ws/src/ros2_homework_basic_package/src/bazi.cpp:21[m[K:
[1.966s] [01m[K/home/c/Formax_wuren_shixi/ros2_learning-main/ros2_homework_basic_ws/src/ros2_homework_basic_package/src/bazi.cpp:[m[K In member function ‘[01m[Kvoid TurtleFigureEight::[01;32m[Kupdate_state[m[K(double)[m[K’:
[1.966s] [01m[K/home/c/Formax_wuren_shixi/ros2_learning-main/ros2_homework_basic_ws/src/ros2_homework_basic_package/src/bazi.cpp:128:21:[m[K [01;31m[Kerror: [m[Kexpected primary-expression before ‘[01m[K)[m[K’ token
[1.966s]   128 |                     [01;31m[KRCLCPP_INFO[m[K(this->get_logger());
[1.966s]       |                     [01;31m[K^~~~~~~~~~~[m[K
[1.966s] [01m[K/home/c/Formax_wuren_shixi/ros2_learning-main/ros2_homework_basic_ws/src/ros2_homework_basic_package/src/bazi.cpp:137:21:[m[K [01;31m[Kerror: [m[Kexpected primary-expression before ‘[01m[K)[m[K’ token
[1.966s]   137 |                     [01;31m[KRCLCPP_INFO[m[K(this->get_logger());
[1.967s]       |                     [01;31m[K^~~~~~~~~~~[m[K
[1.967s] [01m[K/home/c/Formax_wuren_shixi/ros2_learning-main/ros2_homework_basic_ws/src/ros2_homework_basic_package/src/bazi.cpp:146:21:[m[K [01;31m[Kerror: [m[Kexpected primary-expression before ‘[01m[K)[m[K’ token
[1.967s]   146 |                     [01;31m[KRCLCPP_INFO[m[K(this->get_logger());
[1.967s]       |                     [01;31m[K^~~~~~~~~~~[m[K
[2.793s] gmake[2]: *** [CMakeFiles/bazi.dir/build.make:76：CMakeFiles/bazi.dir/src/bazi.cpp.o] 错误 1
[2.793s] gmake[1]: *** [CMakeFiles/Makefile2:137：CMakeFiles/bazi.dir/all] 错误 2
[2.794s] gmake: *** [Makefile:146：all] 错误 2
[2.797s] Invoked command in '/home/c/Formax_wuren_shixi/ros2_learning-main/ros2_homework_basic_ws/build/ros2_homework_basic_package' returned '2': CMAKE_PREFIX_PATH=${CMAKE_PREFIX_PATH}:/home/c/dev_ws/install/learning_urdf:/home/c/dev_ws/install/learning_topic:/home/c/dev_ws/install/learning_tf:/home/c/dev_ws/install/learning_service:/home/c/dev_ws/install/learning_qos:/home/c/dev_ws/install/learning_pkg_python:/home/c/dev_ws/install/learning_parameter:/home/c/dev_ws/install/learning_node:/home/c/dev_ws/install/learning_launch:/home/c/dev_ws/install/learning_action:/home/c/dev_ws/install/learning_gazebo_harmonic:/home/c/dev_ws/install/learning_gazebo:/home/c/dev_ws/install/learning_cv:/opt/ros/jazzy DEBUGINFOD_URLS=https://debuginfod.ubuntu.com PS1=\n(TraeAI-2) \w [$?] $ __trae_PS1=\n(TraeAI-2) \w [$?] $ /usr/bin/cmake --build /home/c/Formax_wuren_shixi/ros2_learning-main/ros2_homework_basic_ws/build/ros2_homework_basic_package -- -j16 -l16
