[0.018s] Invoking command in '/home/c/Formax_wuren_shixi/ros2_learning-main/ros2_advanced/ros2_homework_advanced_ws/build/ros2_homework_advanced': AMENT_PREFIX_PATH=/home/c/Formax_wuren_shixi/ros2_learning-main/ros2_advanced/ros2_homework_advanced_ws/install/fsd_common_msgs:${AMENT_PREFIX_PATH} CMAKE_PREFIX_PATH=/home/c/Formax_wuren_shixi/ros2_learning-main/ros2_advanced/ros2_homework_advanced_ws/install/fsd_common_msgs:/home/c/dev_ws/install/learning_topic_cpp:/home/c/dev_ws/install/learning_tf_cpp:/home/c/dev_ws/install/learning_service_cpp:/home/c/dev_ws/install/learning_pkg_c:/home/c/dev_ws/install/learning_parameter_cpp:/home/c/dev_ws/install/learning_node_cpp:/home/c/dev_ws/install/learning_action_cpp:/home/c/dev_ws/install/learning_interface:/opt/ros/jazzy/opt/gz_math_vendor:/opt/ros/jazzy/opt/gz_utils_vendor:/opt/ros/jazzy/opt/gz_cmake_vendor:/home/c/dev_ws/install/learning_urdf:/home/c/dev_ws/install/learning_topic:/home/c/dev_ws/install/learning_tf:/home/c/dev_ws/install/learning_service:/home/c/dev_ws/install/learning_qos:/home/c/dev_ws/install/learning_pkg_python:/home/c/dev_ws/install/learning_parameter:/home/c/dev_ws/install/learning_node:/home/c/dev_ws/install/learning_launch:/home/c/dev_ws/install/learning_action:/home/c/dev_ws/install/learning_gazebo_harmonic:/home/c/dev_ws/install/learning_gazebo:/home/c/dev_ws/install/learning_cv:/opt/ros/jazzy DEBUGINFOD_URLS=https://debuginfod.ubuntu.com LD_LIBRARY_PATH=/home/c/Formax_wuren_shixi/ros2_learning-main/ros2_advanced/ros2_homework_advanced_ws/install/fsd_common_msgs/lib:${LD_LIBRARY_PATH} PYTHONPATH=/home/c/Formax_wuren_shixi/ros2_learning-main/ros2_advanced/ros2_homework_advanced_ws/install/fsd_common_msgs/lib/python3.12/site-packages:${PYTHONPATH} /usr/bin/cmake --build /home/c/Formax_wuren_shixi/ros2_learning-main/ros2_advanced/ros2_homework_advanced_ws/build/ros2_homework_advanced -- -j16 -l16
[0.051s] -- Found ament_cmake: 2.5.6 (/opt/ros/jazzy/share/ament_cmake/cmake)
[0.281s] -- Found rclcpp: 28.1.18 (/opt/ros/jazzy/share/rclcpp/cmake)
[0.309s] -- Found rosidl_generator_c: 4.6.7 (/opt/ros/jazzy/share/rosidl_generator_c/cmake)
[0.318s] -- Found rosidl_generator_cpp: 4.6.7 (/opt/ros/jazzy/share/rosidl_generator_cpp/cmake)
[0.330s] -- Using all available rosidl_typesupport_c: rosidl_typesupport_fastrtps_c;rosidl_typesupport_introspection_c
[0.350s] -- Using all available rosidl_typesupport_cpp: rosidl_typesupport_fastrtps_cpp;rosidl_typesupport_introspection_cpp
[0.415s] -- Found rmw_implementation_cmake: 7.3.3 (/opt/ros/jazzy/share/rmw_implementation_cmake/cmake)
[0.417s] -- Found rmw_fastrtps_cpp: 8.4.3 (/opt/ros/jazzy/share/rmw_fastrtps_cpp/cmake)
[0.491s] -- Using RMW implementation 'rmw_fastrtps_cpp' as default
[0.566s] -- Found visualization_msgs: 5.3.7 (/opt/ros/jazzy/share/visualization_msgs/cmake)
[0.666s] -- Found fsd_common_msgs: 0.0.0 (/home/c/Formax_wuren_shixi/ros2_learning-main/ros2_advanced/ros2_homework_advanced_ws/install/fsd_common_msgs/share/fsd_common_msgs/cmake)
[0.742s] -- Found ament_lint_auto: 0.17.5 (/opt/ros/jazzy/share/ament_lint_auto/cmake)
[0.865s] -- Added test 'cppcheck' to perform static code analysis on C / C++ code
[0.865s] -- Configured cppcheck include dirs: 
[0.866s] -- Configured cppcheck exclude dirs and/or files: 
[0.867s] -- Added test 'flake8' to check Python code syntax and style conventions
[0.867s] -- Configured 'flake8' exclude dirs and/or files: 
[0.867s] -- Added test 'lint_cmake' to check CMake code style
[0.868s] -- Added test 'pep257' to check Python code against some of the docstring style conventions in PEP 257
[0.869s] -- Added test 'uncrustify' to check C / C++ code style
[0.869s] -- Configured uncrustify additional arguments: 
[0.870s] -- Added test 'xmllint' to check XML markup files
[0.873s] -- Configuring done (0.8s)
[0.900s] -- Generating done (0.0s)
[0.907s] -- Build files have been written to: /home/c/Formax_wuren_shixi/ros2_learning-main/ros2_advanced/ros2_homework_advanced_ws/build/ros2_homework_advanced
[0.972s] [ 50%] [32mBuilding CXX object CMakeFiles/map_visualizer_node.dir/src/map_visualizer_node.cpp.o[0m
[9.009s] [100%] [32m[1mLinking CXX executable map_visualizer_node[0m
[9.421s] [100%] Built target map_visualizer_node
[9.433s] Invoked command in '/home/c/Formax_wuren_shixi/ros2_learning-main/ros2_advanced/ros2_homework_advanced_ws/build/ros2_homework_advanced' returned '0': AMENT_PREFIX_PATH=/home/c/Formax_wuren_shixi/ros2_learning-main/ros2_advanced/ros2_homework_advanced_ws/install/fsd_common_msgs:${AMENT_PREFIX_PATH} CMAKE_PREFIX_PATH=/home/c/Formax_wuren_shixi/ros2_learning-main/ros2_advanced/ros2_homework_advanced_ws/install/fsd_common_msgs:/home/c/dev_ws/install/learning_topic_cpp:/home/c/dev_ws/install/learning_tf_cpp:/home/c/dev_ws/install/learning_service_cpp:/home/c/dev_ws/install/learning_pkg_c:/home/c/dev_ws/install/learning_parameter_cpp:/home/c/dev_ws/install/learning_node_cpp:/home/c/dev_ws/install/learning_action_cpp:/home/c/dev_ws/install/learning_interface:/opt/ros/jazzy/opt/gz_math_vendor:/opt/ros/jazzy/opt/gz_utils_vendor:/opt/ros/jazzy/opt/gz_cmake_vendor:/home/c/dev_ws/install/learning_urdf:/home/c/dev_ws/install/learning_topic:/home/c/dev_ws/install/learning_tf:/home/c/dev_ws/install/learning_service:/home/c/dev_ws/install/learning_qos:/home/c/dev_ws/install/learning_pkg_python:/home/c/dev_ws/install/learning_parameter:/home/c/dev_ws/install/learning_node:/home/c/dev_ws/install/learning_launch:/home/c/dev_ws/install/learning_action:/home/c/dev_ws/install/learning_gazebo_harmonic:/home/c/dev_ws/install/learning_gazebo:/home/c/dev_ws/install/learning_cv:/opt/ros/jazzy DEBUGINFOD_URLS=https://debuginfod.ubuntu.com LD_LIBRARY_PATH=/home/c/Formax_wuren_shixi/ros2_learning-main/ros2_advanced/ros2_homework_advanced_ws/install/fsd_common_msgs/lib:${LD_LIBRARY_PATH} PYTHONPATH=/home/c/Formax_wuren_shixi/ros2_learning-main/ros2_advanced/ros2_homework_advanced_ws/install/fsd_common_msgs/lib/python3.12/site-packages:${PYTHONPATH} /usr/bin/cmake --build /home/c/Formax_wuren_shixi/ros2_learning-main/ros2_advanced/ros2_homework_advanced_ws/build/ros2_homework_advanced -- -j16 -l16
[9.445s] Invoking command in '/home/c/Formax_wuren_shixi/ros2_learning-main/ros2_advanced/ros2_homework_advanced_ws/build/ros2_homework_advanced': AMENT_PREFIX_PATH=/home/c/Formax_wuren_shixi/ros2_learning-main/ros2_advanced/ros2_homework_advanced_ws/install/fsd_common_msgs:${AMENT_PREFIX_PATH} CMAKE_PREFIX_PATH=/home/c/Formax_wuren_shixi/ros2_learning-main/ros2_advanced/ros2_homework_advanced_ws/install/fsd_common_msgs:/home/c/dev_ws/install/learning_topic_cpp:/home/c/dev_ws/install/learning_tf_cpp:/home/c/dev_ws/install/learning_service_cpp:/home/c/dev_ws/install/learning_pkg_c:/home/c/dev_ws/install/learning_parameter_cpp:/home/c/dev_ws/install/learning_node_cpp:/home/c/dev_ws/install/learning_action_cpp:/home/c/dev_ws/install/learning_interface:/opt/ros/jazzy/opt/gz_math_vendor:/opt/ros/jazzy/opt/gz_utils_vendor:/opt/ros/jazzy/opt/gz_cmake_vendor:/home/c/dev_ws/install/learning_urdf:/home/c/dev_ws/install/learning_topic:/home/c/dev_ws/install/learning_tf:/home/c/dev_ws/install/learning_service:/home/c/dev_ws/install/learning_qos:/home/c/dev_ws/install/learning_pkg_python:/home/c/dev_ws/install/learning_parameter:/home/c/dev_ws/install/learning_node:/home/c/dev_ws/install/learning_launch:/home/c/dev_ws/install/learning_action:/home/c/dev_ws/install/learning_gazebo_harmonic:/home/c/dev_ws/install/learning_gazebo:/home/c/dev_ws/install/learning_cv:/opt/ros/jazzy DEBUGINFOD_URLS=https://debuginfod.ubuntu.com LD_LIBRARY_PATH=/home/c/Formax_wuren_shixi/ros2_learning-main/ros2_advanced/ros2_homework_advanced_ws/install/fsd_common_msgs/lib:${LD_LIBRARY_PATH} PYTHONPATH=/home/c/Formax_wuren_shixi/ros2_learning-main/ros2_advanced/ros2_homework_advanced_ws/install/fsd_common_msgs/lib/python3.12/site-packages:${PYTHONPATH} /usr/bin/cmake --install /home/c/Formax_wuren_shixi/ros2_learning-main/ros2_advanced/ros2_homework_advanced_ws/build/ros2_homework_advanced
[9.454s] -- Install configuration: ""
[9.455s] -- Installing: /home/c/Formax_wuren_shixi/ros2_learning-main/ros2_advanced/ros2_homework_advanced_ws/install/ros2_homework_advanced/lib/ros2_homework_advanced/map_visualizer_node
[9.463s] -- Set non-toolchain portion of runtime path of "/home/c/Formax_wuren_shixi/ros2_learning-main/ros2_advanced/ros2_homework_advanced_ws/install/ros2_homework_advanced/lib/ros2_homework_advanced/map_visualizer_node" to ""
[9.463s] -- Up-to-date: /home/c/Formax_wuren_shixi/ros2_learning-main/ros2_advanced/ros2_homework_advanced_ws/install/ros2_homework_advanced/share/ros2_homework_advanced/launch
[9.463s] -- Installing: /home/c/Formax_wuren_shixi/ros2_learning-main/ros2_advanced/ros2_homework_advanced_ws/install/ros2_homework_advanced/share/ros2_homework_advanced/launch/ros2_homework_advanced.launch.py
[9.464s] -- Up-to-date: /home/c/Formax_wuren_shixi/ros2_learning-main/ros2_advanced/ros2_homework_advanced_ws/install/ros2_homework_advanced/share/ament_index/resource_index/package_run_dependencies/ros2_homework_advanced
[9.464s] -- Up-to-date: /home/c/Formax_wuren_shixi/ros2_learning-main/ros2_advanced/ros2_homework_advanced_ws/install/ros2_homework_advanced/share/ament_index/resource_index/parent_prefix_path/ros2_homework_advanced
[9.464s] -- Up-to-date: /home/c/Formax_wuren_shixi/ros2_learning-main/ros2_advanced/ros2_homework_advanced_ws/install/ros2_homework_advanced/share/ros2_homework_advanced/environment/ament_prefix_path.sh
[9.464s] -- Up-to-date: /home/c/Formax_wuren_shixi/ros2_learning-main/ros2_advanced/ros2_homework_advanced_ws/install/ros2_homework_advanced/share/ros2_homework_advanced/environment/ament_prefix_path.dsv
[9.464s] -- Up-to-date: /home/c/Formax_wuren_shixi/ros2_learning-main/ros2_advanced/ros2_homework_advanced_ws/install/ros2_homework_advanced/share/ros2_homework_advanced/environment/path.sh
[9.464s] -- Up-to-date: /home/c/Formax_wuren_shixi/ros2_learning-main/ros2_advanced/ros2_homework_advanced_ws/install/ros2_homework_advanced/share/ros2_homework_advanced/environment/path.dsv
[9.464s] -- Up-to-date: /home/c/Formax_wuren_shixi/ros2_learning-main/ros2_advanced/ros2_homework_advanced_ws/install/ros2_homework_advanced/share/ros2_homework_advanced/local_setup.bash
[9.464s] -- Up-to-date: /home/c/Formax_wuren_shixi/ros2_learning-main/ros2_advanced/ros2_homework_advanced_ws/install/ros2_homework_advanced/share/ros2_homework_advanced/local_setup.sh
[9.464s] -- Up-to-date: /home/c/Formax_wuren_shixi/ros2_learning-main/ros2_advanced/ros2_homework_advanced_ws/install/ros2_homework_advanced/share/ros2_homework_advanced/local_setup.zsh
[9.465s] -- Up-to-date: /home/c/Formax_wuren_shixi/ros2_learning-main/ros2_advanced/ros2_homework_advanced_ws/install/ros2_homework_advanced/share/ros2_homework_advanced/local_setup.dsv
[9.465s] -- Installing: /home/c/Formax_wuren_shixi/ros2_learning-main/ros2_advanced/ros2_homework_advanced_ws/install/ros2_homework_advanced/share/ros2_homework_advanced/package.dsv
[9.465s] -- Up-to-date: /home/c/Formax_wuren_shixi/ros2_learning-main/ros2_advanced/ros2_homework_advanced_ws/install/ros2_homework_advanced/share/ament_index/resource_index/packages/ros2_homework_advanced
[9.465s] -- Up-to-date: /home/c/Formax_wuren_shixi/ros2_learning-main/ros2_advanced/ros2_homework_advanced_ws/install/ros2_homework_advanced/share/ros2_homework_advanced/cmake/ros2_homework_advancedConfig.cmake
[9.465s] -- Up-to-date: /home/c/Formax_wuren_shixi/ros2_learning-main/ros2_advanced/ros2_homework_advanced_ws/install/ros2_homework_advanced/share/ros2_homework_advanced/cmake/ros2_homework_advancedConfig-version.cmake
[9.465s] -- Installing: /home/c/Formax_wuren_shixi/ros2_learning-main/ros2_advanced/ros2_homework_advanced_ws/install/ros2_homework_advanced/share/ros2_homework_advanced/package.xml
[9.467s] Invoked command in '/home/c/Formax_wuren_shixi/ros2_learning-main/ros2_advanced/ros2_homework_advanced_ws/build/ros2_homework_advanced' returned '0': AMENT_PREFIX_PATH=/home/c/Formax_wuren_shixi/ros2_learning-main/ros2_advanced/ros2_homework_advanced_ws/install/fsd_common_msgs:${AMENT_PREFIX_PATH} CMAKE_PREFIX_PATH=/home/c/Formax_wuren_shixi/ros2_learning-main/ros2_advanced/ros2_homework_advanced_ws/install/fsd_common_msgs:/home/c/dev_ws/install/learning_topic_cpp:/home/c/dev_ws/install/learning_tf_cpp:/home/c/dev_ws/install/learning_service_cpp:/home/c/dev_ws/install/learning_pkg_c:/home/c/dev_ws/install/learning_parameter_cpp:/home/c/dev_ws/install/learning_node_cpp:/home/c/dev_ws/install/learning_action_cpp:/home/c/dev_ws/install/learning_interface:/opt/ros/jazzy/opt/gz_math_vendor:/opt/ros/jazzy/opt/gz_utils_vendor:/opt/ros/jazzy/opt/gz_cmake_vendor:/home/c/dev_ws/install/learning_urdf:/home/c/dev_ws/install/learning_topic:/home/c/dev_ws/install/learning_tf:/home/c/dev_ws/install/learning_service:/home/c/dev_ws/install/learning_qos:/home/c/dev_ws/install/learning_pkg_python:/home/c/dev_ws/install/learning_parameter:/home/c/dev_ws/install/learning_node:/home/c/dev_ws/install/learning_launch:/home/c/dev_ws/install/learning_action:/home/c/dev_ws/install/learning_gazebo_harmonic:/home/c/dev_ws/install/learning_gazebo:/home/c/dev_ws/install/learning_cv:/opt/ros/jazzy DEBUGINFOD_URLS=https://debuginfod.ubuntu.com LD_LIBRARY_PATH=/home/c/Formax_wuren_shixi/ros2_learning-main/ros2_advanced/ros2_homework_advanced_ws/install/fsd_common_msgs/lib:${LD_LIBRARY_PATH} PYTHONPATH=/home/c/Formax_wuren_shixi/ros2_learning-main/ros2_advanced/ros2_homework_advanced_ws/install/fsd_common_msgs/lib/python3.12/site-packages:${PYTHONPATH} /usr/bin/cmake --install /home/c/Formax_wuren_shixi/ros2_learning-main/ros2_advanced/ros2_homework_advanced_ws/build/ros2_homework_advanced
