[0.009s] Invoking command in '/home/c/Formax_wuren_shixi/ros2_learning-main/ros2_advanced/ros2_homework_advanced_ws/build/ros2_homework_advanced': AMENT_PREFIX_PATH=/home/c/Formax_wuren_shixi/ros2_learning-main/ros2_advanced/ros2_homework_advanced_ws/install/fsd_common_msgs:${AMENT_PREFIX_PATH} CMAKE_PREFIX_PATH=/home/c/Formax_wuren_shixi/ros2_learning-main/ros2_advanced/ros2_homework_advanced_ws/install/fsd_common_msgs:/home/c/dev_ws/install/learning_topic_cpp:/home/c/dev_ws/install/learning_tf_cpp:/home/c/dev_ws/install/learning_service_cpp:/home/c/dev_ws/install/learning_pkg_c:/home/c/dev_ws/install/learning_parameter_cpp:/home/c/dev_ws/install/learning_node_cpp:/home/c/dev_ws/install/learning_action_cpp:/home/c/dev_ws/install/learning_interface:/opt/ros/jazzy/opt/gz_math_vendor:/opt/ros/jazzy/opt/gz_utils_vendor:/opt/ros/jazzy/opt/gz_cmake_vendor:/home/c/dev_ws/install/learning_urdf:/home/c/dev_ws/install/learning_topic:/home/c/dev_ws/install/learning_tf:/home/c/dev_ws/install/learning_service:/home/c/dev_ws/install/learning_qos:/home/c/dev_ws/install/learning_pkg_python:/home/c/dev_ws/install/learning_parameter:/home/c/dev_ws/install/learning_node:/home/c/dev_ws/install/learning_launch:/home/c/dev_ws/install/learning_action:/home/c/dev_ws/install/learning_gazebo_harmonic:/home/c/dev_ws/install/learning_gazebo:/home/c/dev_ws/install/learning_cv:/opt/ros/jazzy DEBUGINFOD_URLS=https://debuginfod.ubuntu.com LD_LIBRARY_PATH=/home/c/Formax_wuren_shixi/ros2_learning-main/ros2_advanced/ros2_homework_advanced_ws/install/fsd_common_msgs/lib:${LD_LIBRARY_PATH} PS1=\n(TraeAI-1) \w [$?] $ PYTHONPATH=/home/c/Formax_wuren_shixi/ros2_learning-main/ros2_advanced/ros2_homework_advanced_ws/install/fsd_common_msgs/lib/python3.12/site-packages:${PYTHONPATH} __trae_PS1=\n(TraeAI-1) \w [$?] $ /usr/bin/cmake /home/c/Formax_wuren_shixi/ros2_learning-main/ros2_advanced/ros2_homework_advanced_ws/src/ros2_homework_advanced -DCMAKE_INSTALL_PREFIX=/home/c/Formax_wuren_shixi/ros2_learning-main/ros2_advanced/ros2_homework_advanced_ws/install/ros2_homework_advanced
[0.066s] -- The C compiler identification is GNU 13.3.0
[0.120s] -- The CXX compiler identification is GNU 13.3.0
[0.138s] -- Detecting C compiler ABI info
[0.234s] -- Detecting C compiler ABI info - done
[0.242s] -- Check for working C compiler: /usr/bin/cc - skipped
[0.242s] -- Detecting C compile features
[0.242s] -- Detecting C compile features - done
[0.251s] -- Detecting CXX compiler ABI info
[0.355s] -- Detecting CXX compiler ABI info - done
[0.363s] -- Check for working CXX compiler: /usr/bin/c++ - skipped
[0.363s] -- Detecting CXX compile features
[0.364s] -- Detecting CXX compile features - done
[0.368s] -- Found ament_cmake: 2.5.6 (/opt/ros/jazzy/share/ament_cmake/cmake)
[0.539s] -- Found Python3: /usr/bin/python3 (found version "3.12.3") found components: Interpreter 
[0.678s] -- Found rclcpp: 28.1.18 (/opt/ros/jazzy/share/rclcpp/cmake)
[0.739s] -- Found rosidl_generator_c: 4.6.7 (/opt/ros/jazzy/share/rosidl_generator_c/cmake)
[0.755s] -- Found rosidl_generator_cpp: 4.6.7 (/opt/ros/jazzy/share/rosidl_generator_cpp/cmake)
[0.775s] -- Using all available rosidl_typesupport_c: rosidl_typesupport_fastrtps_c;rosidl_typesupport_introspection_c
[0.799s] -- Using all available rosidl_typesupport_cpp: rosidl_typesupport_fastrtps_cpp;rosidl_typesupport_introspection_cpp
[0.911s] -- Found rmw_implementation_cmake: 7.3.3 (/opt/ros/jazzy/share/rmw_implementation_cmake/cmake)
[0.917s] -- Found rmw_fastrtps_cpp: 8.4.3 (/opt/ros/jazzy/share/rmw_fastrtps_cpp/cmake)
[1.020s] -- Found OpenSSL: /usr/lib/x86_64-linux-gnu/libcrypto.so (found version "3.0.13")  
[1.043s] -- Found FastRTPS: /opt/ros/jazzy/include (Required is at least version "2.13") 
[1.072s] -- Using RMW implementation 'rmw_fastrtps_cpp' as default
[1.176s] -- Found visualization_msgs: 5.3.7 (/opt/ros/jazzy/share/visualization_msgs/cmake)
[1.277s] -- Found fsd_common_msgs: 0.0.0 (/home/c/Formax_wuren_shixi/ros2_learning-main/ros2_advanced/ros2_homework_advanced_ws/install/fsd_common_msgs/share/fsd_common_msgs/cmake)
[1.355s] -- Found ament_lint_auto: 0.17.5 (/opt/ros/jazzy/share/ament_lint_auto/cmake)
[1.478s] -- Added test 'cppcheck' to perform static code analysis on C / C++ code
[1.478s] -- Configured cppcheck include dirs: 
[1.478s] -- Configured cppcheck exclude dirs and/or files: 
[1.478s] -- Added test 'flake8' to check Python code syntax and style conventions
[1.479s] -- Configured 'flake8' exclude dirs and/or files: 
[1.480s] -- Added test 'lint_cmake' to check CMake code style
[1.481s] -- Added test 'pep257' to check Python code against some of the docstring style conventions in PEP 257
[1.483s] -- Added test 'uncrustify' to check C / C++ code style
[1.483s] -- Configured uncrustify additional arguments: 
[1.484s] -- Added test 'xmllint' to check XML markup files
[1.486s] -- Configuring done (1.5s)
[1.499s] -- Generating done (0.0s)
[1.503s] -- Build files have been written to: /home/c/Formax_wuren_shixi/ros2_learning-main/ros2_advanced/ros2_homework_advanced_ws/build/ros2_homework_advanced
[1.517s] Invoked command in '/home/c/Formax_wuren_shixi/ros2_learning-main/ros2_advanced/ros2_homework_advanced_ws/build/ros2_homework_advanced' returned '0': AMENT_PREFIX_PATH=/home/c/Formax_wuren_shixi/ros2_learning-main/ros2_advanced/ros2_homework_advanced_ws/install/fsd_common_msgs:${AMENT_PREFIX_PATH} CMAKE_PREFIX_PATH=/home/c/Formax_wuren_shixi/ros2_learning-main/ros2_advanced/ros2_homework_advanced_ws/install/fsd_common_msgs:/home/c/dev_ws/install/learning_topic_cpp:/home/c/dev_ws/install/learning_tf_cpp:/home/c/dev_ws/install/learning_service_cpp:/home/c/dev_ws/install/learning_pkg_c:/home/c/dev_ws/install/learning_parameter_cpp:/home/c/dev_ws/install/learning_node_cpp:/home/c/dev_ws/install/learning_action_cpp:/home/c/dev_ws/install/learning_interface:/opt/ros/jazzy/opt/gz_math_vendor:/opt/ros/jazzy/opt/gz_utils_vendor:/opt/ros/jazzy/opt/gz_cmake_vendor:/home/c/dev_ws/install/learning_urdf:/home/c/dev_ws/install/learning_topic:/home/c/dev_ws/install/learning_tf:/home/c/dev_ws/install/learning_service:/home/c/dev_ws/install/learning_qos:/home/c/dev_ws/install/learning_pkg_python:/home/c/dev_ws/install/learning_parameter:/home/c/dev_ws/install/learning_node:/home/c/dev_ws/install/learning_launch:/home/c/dev_ws/install/learning_action:/home/c/dev_ws/install/learning_gazebo_harmonic:/home/c/dev_ws/install/learning_gazebo:/home/c/dev_ws/install/learning_cv:/opt/ros/jazzy DEBUGINFOD_URLS=https://debuginfod.ubuntu.com LD_LIBRARY_PATH=/home/c/Formax_wuren_shixi/ros2_learning-main/ros2_advanced/ros2_homework_advanced_ws/install/fsd_common_msgs/lib:${LD_LIBRARY_PATH} PS1=\n(TraeAI-1) \w [$?] $ PYTHONPATH=/home/c/Formax_wuren_shixi/ros2_learning-main/ros2_advanced/ros2_homework_advanced_ws/install/fsd_common_msgs/lib/python3.12/site-packages:${PYTHONPATH} __trae_PS1=\n(TraeAI-1) \w [$?] $ /usr/bin/cmake /home/c/Formax_wuren_shixi/ros2_learning-main/ros2_advanced/ros2_homework_advanced_ws/src/ros2_homework_advanced -DCMAKE_INSTALL_PREFIX=/home/c/Formax_wuren_shixi/ros2_learning-main/ros2_advanced/ros2_homework_advanced_ws/install/ros2_homework_advanced
[1.518s] Invoking command in '/home/c/Formax_wuren_shixi/ros2_learning-main/ros2_advanced/ros2_homework_advanced_ws/build/ros2_homework_advanced': AMENT_PREFIX_PATH=/home/c/Formax_wuren_shixi/ros2_learning-main/ros2_advanced/ros2_homework_advanced_ws/install/fsd_common_msgs:${AMENT_PREFIX_PATH} CMAKE_PREFIX_PATH=/home/c/Formax_wuren_shixi/ros2_learning-main/ros2_advanced/ros2_homework_advanced_ws/install/fsd_common_msgs:/home/c/dev_ws/install/learning_topic_cpp:/home/c/dev_ws/install/learning_tf_cpp:/home/c/dev_ws/install/learning_service_cpp:/home/c/dev_ws/install/learning_pkg_c:/home/c/dev_ws/install/learning_parameter_cpp:/home/c/dev_ws/install/learning_node_cpp:/home/c/dev_ws/install/learning_action_cpp:/home/c/dev_ws/install/learning_interface:/opt/ros/jazzy/opt/gz_math_vendor:/opt/ros/jazzy/opt/gz_utils_vendor:/opt/ros/jazzy/opt/gz_cmake_vendor:/home/c/dev_ws/install/learning_urdf:/home/c/dev_ws/install/learning_topic:/home/c/dev_ws/install/learning_tf:/home/c/dev_ws/install/learning_service:/home/c/dev_ws/install/learning_qos:/home/c/dev_ws/install/learning_pkg_python:/home/c/dev_ws/install/learning_parameter:/home/c/dev_ws/install/learning_node:/home/c/dev_ws/install/learning_launch:/home/c/dev_ws/install/learning_action:/home/c/dev_ws/install/learning_gazebo_harmonic:/home/c/dev_ws/install/learning_gazebo:/home/c/dev_ws/install/learning_cv:/opt/ros/jazzy DEBUGINFOD_URLS=https://debuginfod.ubuntu.com LD_LIBRARY_PATH=/home/c/Formax_wuren_shixi/ros2_learning-main/ros2_advanced/ros2_homework_advanced_ws/install/fsd_common_msgs/lib:${LD_LIBRARY_PATH} PS1=\n(TraeAI-1) \w [$?] $ PYTHONPATH=/home/c/Formax_wuren_shixi/ros2_learning-main/ros2_advanced/ros2_homework_advanced_ws/install/fsd_common_msgs/lib/python3.12/site-packages:${PYTHONPATH} __trae_PS1=\n(TraeAI-1) \w [$?] $ /usr/bin/cmake --build /home/c/Formax_wuren_shixi/ros2_learning-main/ros2_advanced/ros2_homework_advanced_ws/build/ros2_homework_advanced -- -j16 -l16
[1.576s] [ 50%] [32mBuilding CXX object CMakeFiles/map_visualizer_node.dir/src/map_visualizer_node.cpp.o[0m
[9.650s] [100%] [32m[1mLinking CXX executable map_visualizer_node[0m
[10.076s] [100%] Built target map_visualizer_node
[10.090s] Invoked command in '/home/c/Formax_wuren_shixi/ros2_learning-main/ros2_advanced/ros2_homework_advanced_ws/build/ros2_homework_advanced' returned '0': AMENT_PREFIX_PATH=/home/c/Formax_wuren_shixi/ros2_learning-main/ros2_advanced/ros2_homework_advanced_ws/install/fsd_common_msgs:${AMENT_PREFIX_PATH} CMAKE_PREFIX_PATH=/home/c/Formax_wuren_shixi/ros2_learning-main/ros2_advanced/ros2_homework_advanced_ws/install/fsd_common_msgs:/home/c/dev_ws/install/learning_topic_cpp:/home/c/dev_ws/install/learning_tf_cpp:/home/c/dev_ws/install/learning_service_cpp:/home/c/dev_ws/install/learning_pkg_c:/home/c/dev_ws/install/learning_parameter_cpp:/home/c/dev_ws/install/learning_node_cpp:/home/c/dev_ws/install/learning_action_cpp:/home/c/dev_ws/install/learning_interface:/opt/ros/jazzy/opt/gz_math_vendor:/opt/ros/jazzy/opt/gz_utils_vendor:/opt/ros/jazzy/opt/gz_cmake_vendor:/home/c/dev_ws/install/learning_urdf:/home/c/dev_ws/install/learning_topic:/home/c/dev_ws/install/learning_tf:/home/c/dev_ws/install/learning_service:/home/c/dev_ws/install/learning_qos:/home/c/dev_ws/install/learning_pkg_python:/home/c/dev_ws/install/learning_parameter:/home/c/dev_ws/install/learning_node:/home/c/dev_ws/install/learning_launch:/home/c/dev_ws/install/learning_action:/home/c/dev_ws/install/learning_gazebo_harmonic:/home/c/dev_ws/install/learning_gazebo:/home/c/dev_ws/install/learning_cv:/opt/ros/jazzy DEBUGINFOD_URLS=https://debuginfod.ubuntu.com LD_LIBRARY_PATH=/home/c/Formax_wuren_shixi/ros2_learning-main/ros2_advanced/ros2_homework_advanced_ws/install/fsd_common_msgs/lib:${LD_LIBRARY_PATH} PS1=\n(TraeAI-1) \w [$?] $ PYTHONPATH=/home/c/Formax_wuren_shixi/ros2_learning-main/ros2_advanced/ros2_homework_advanced_ws/install/fsd_common_msgs/lib/python3.12/site-packages:${PYTHONPATH} __trae_PS1=\n(TraeAI-1) \w [$?] $ /usr/bin/cmake --build /home/c/Formax_wuren_shixi/ros2_learning-main/ros2_advanced/ros2_homework_advanced_ws/build/ros2_homework_advanced -- -j16 -l16
[10.092s] Invoking command in '/home/c/Formax_wuren_shixi/ros2_learning-main/ros2_advanced/ros2_homework_advanced_ws/build/ros2_homework_advanced': AMENT_PREFIX_PATH=/home/c/Formax_wuren_shixi/ros2_learning-main/ros2_advanced/ros2_homework_advanced_ws/install/fsd_common_msgs:${AMENT_PREFIX_PATH} CMAKE_PREFIX_PATH=/home/c/Formax_wuren_shixi/ros2_learning-main/ros2_advanced/ros2_homework_advanced_ws/install/fsd_common_msgs:/home/c/dev_ws/install/learning_topic_cpp:/home/c/dev_ws/install/learning_tf_cpp:/home/c/dev_ws/install/learning_service_cpp:/home/c/dev_ws/install/learning_pkg_c:/home/c/dev_ws/install/learning_parameter_cpp:/home/c/dev_ws/install/learning_node_cpp:/home/c/dev_ws/install/learning_action_cpp:/home/c/dev_ws/install/learning_interface:/opt/ros/jazzy/opt/gz_math_vendor:/opt/ros/jazzy/opt/gz_utils_vendor:/opt/ros/jazzy/opt/gz_cmake_vendor:/home/c/dev_ws/install/learning_urdf:/home/c/dev_ws/install/learning_topic:/home/c/dev_ws/install/learning_tf:/home/c/dev_ws/install/learning_service:/home/c/dev_ws/install/learning_qos:/home/c/dev_ws/install/learning_pkg_python:/home/c/dev_ws/install/learning_parameter:/home/c/dev_ws/install/learning_node:/home/c/dev_ws/install/learning_launch:/home/c/dev_ws/install/learning_action:/home/c/dev_ws/install/learning_gazebo_harmonic:/home/c/dev_ws/install/learning_gazebo:/home/c/dev_ws/install/learning_cv:/opt/ros/jazzy DEBUGINFOD_URLS=https://debuginfod.ubuntu.com LD_LIBRARY_PATH=/home/c/Formax_wuren_shixi/ros2_learning-main/ros2_advanced/ros2_homework_advanced_ws/install/fsd_common_msgs/lib:${LD_LIBRARY_PATH} PS1=\n(TraeAI-1) \w [$?] $ PYTHONPATH=/home/c/Formax_wuren_shixi/ros2_learning-main/ros2_advanced/ros2_homework_advanced_ws/install/fsd_common_msgs/lib/python3.12/site-packages:${PYTHONPATH} __trae_PS1=\n(TraeAI-1) \w [$?] $ /usr/bin/cmake --install /home/c/Formax_wuren_shixi/ros2_learning-main/ros2_advanced/ros2_homework_advanced_ws/build/ros2_homework_advanced
[10.101s] -- Install configuration: ""
[10.101s] -- Installing: /home/c/Formax_wuren_shixi/ros2_learning-main/ros2_advanced/ros2_homework_advanced_ws/install/ros2_homework_advanced/lib/ros2_homework_advanced/map_visualizer_node
[10.106s] -- Set non-toolchain portion of runtime path of "/home/c/Formax_wuren_shixi/ros2_learning-main/ros2_advanced/ros2_homework_advanced_ws/install/ros2_homework_advanced/lib/ros2_homework_advanced/map_visualizer_node" to ""
[10.106s] -- Installing: /home/c/Formax_wuren_shixi/ros2_learning-main/ros2_advanced/ros2_homework_advanced_ws/install/ros2_homework_advanced/share/ros2_homework_advanced/launch
[10.106s] -- Installing: /home/c/Formax_wuren_shixi/ros2_learning-main/ros2_advanced/ros2_homework_advanced_ws/install/ros2_homework_advanced/share/ros2_homework_advanced/launch/ros2_homework_advanced.launch.py
[10.106s] -- Installing: /home/c/Formax_wuren_shixi/ros2_learning-main/ros2_advanced/ros2_homework_advanced_ws/install/ros2_homework_advanced/share/ament_index/resource_index/package_run_dependencies/ros2_homework_advanced
[10.106s] -- Installing: /home/c/Formax_wuren_shixi/ros2_learning-main/ros2_advanced/ros2_homework_advanced_ws/install/ros2_homework_advanced/share/ament_index/resource_index/parent_prefix_path/ros2_homework_advanced
[10.106s] -- Installing: /home/c/Formax_wuren_shixi/ros2_learning-main/ros2_advanced/ros2_homework_advanced_ws/install/ros2_homework_advanced/share/ros2_homework_advanced/environment/ament_prefix_path.sh
[10.107s] -- Installing: /home/c/Formax_wuren_shixi/ros2_learning-main/ros2_advanced/ros2_homework_advanced_ws/install/ros2_homework_advanced/share/ros2_homework_advanced/environment/ament_prefix_path.dsv
[10.107s] -- Installing: /home/c/Formax_wuren_shixi/ros2_learning-main/ros2_advanced/ros2_homework_advanced_ws/install/ros2_homework_advanced/share/ros2_homework_advanced/environment/path.sh
[10.107s] -- Installing: /home/c/Formax_wuren_shixi/ros2_learning-main/ros2_advanced/ros2_homework_advanced_ws/install/ros2_homework_advanced/share/ros2_homework_advanced/environment/path.dsv
[10.107s] -- Installing: /home/c/Formax_wuren_shixi/ros2_learning-main/ros2_advanced/ros2_homework_advanced_ws/install/ros2_homework_advanced/share/ros2_homework_advanced/local_setup.bash
[10.107s] -- Installing: /home/c/Formax_wuren_shixi/ros2_learning-main/ros2_advanced/ros2_homework_advanced_ws/install/ros2_homework_advanced/share/ros2_homework_advanced/local_setup.sh
[10.107s] -- Installing: /home/c/Formax_wuren_shixi/ros2_learning-main/ros2_advanced/ros2_homework_advanced_ws/install/ros2_homework_advanced/share/ros2_homework_advanced/local_setup.zsh
[10.107s] -- Installing: /home/c/Formax_wuren_shixi/ros2_learning-main/ros2_advanced/ros2_homework_advanced_ws/install/ros2_homework_advanced/share/ros2_homework_advanced/local_setup.dsv
[10.108s] -- Installing: /home/c/Formax_wuren_shixi/ros2_learning-main/ros2_advanced/ros2_homework_advanced_ws/install/ros2_homework_advanced/share/ros2_homework_advanced/package.dsv
[10.108s] -- Installing: /home/c/Formax_wuren_shixi/ros2_learning-main/ros2_advanced/ros2_homework_advanced_ws/install/ros2_homework_advanced/share/ament_index/resource_index/packages/ros2_homework_advanced
[10.108s] -- Installing: /home/c/Formax_wuren_shixi/ros2_learning-main/ros2_advanced/ros2_homework_advanced_ws/install/ros2_homework_advanced/share/ros2_homework_advanced/cmake/ros2_homework_advancedConfig.cmake
[10.108s] -- Installing: /home/c/Formax_wuren_shixi/ros2_learning-main/ros2_advanced/ros2_homework_advanced_ws/install/ros2_homework_advanced/share/ros2_homework_advanced/cmake/ros2_homework_advancedConfig-version.cmake
[10.108s] -- Installing: /home/c/Formax_wuren_shixi/ros2_learning-main/ros2_advanced/ros2_homework_advanced_ws/install/ros2_homework_advanced/share/ros2_homework_advanced/package.xml
[10.112s] Invoked command in '/home/c/Formax_wuren_shixi/ros2_learning-main/ros2_advanced/ros2_homework_advanced_ws/build/ros2_homework_advanced' returned '0': AMENT_PREFIX_PATH=/home/c/Formax_wuren_shixi/ros2_learning-main/ros2_advanced/ros2_homework_advanced_ws/install/fsd_common_msgs:${AMENT_PREFIX_PATH} CMAKE_PREFIX_PATH=/home/c/Formax_wuren_shixi/ros2_learning-main/ros2_advanced/ros2_homework_advanced_ws/install/fsd_common_msgs:/home/c/dev_ws/install/learning_topic_cpp:/home/c/dev_ws/install/learning_tf_cpp:/home/c/dev_ws/install/learning_service_cpp:/home/c/dev_ws/install/learning_pkg_c:/home/c/dev_ws/install/learning_parameter_cpp:/home/c/dev_ws/install/learning_node_cpp:/home/c/dev_ws/install/learning_action_cpp:/home/c/dev_ws/install/learning_interface:/opt/ros/jazzy/opt/gz_math_vendor:/opt/ros/jazzy/opt/gz_utils_vendor:/opt/ros/jazzy/opt/gz_cmake_vendor:/home/c/dev_ws/install/learning_urdf:/home/c/dev_ws/install/learning_topic:/home/c/dev_ws/install/learning_tf:/home/c/dev_ws/install/learning_service:/home/c/dev_ws/install/learning_qos:/home/c/dev_ws/install/learning_pkg_python:/home/c/dev_ws/install/learning_parameter:/home/c/dev_ws/install/learning_node:/home/c/dev_ws/install/learning_launch:/home/c/dev_ws/install/learning_action:/home/c/dev_ws/install/learning_gazebo_harmonic:/home/c/dev_ws/install/learning_gazebo:/home/c/dev_ws/install/learning_cv:/opt/ros/jazzy DEBUGINFOD_URLS=https://debuginfod.ubuntu.com LD_LIBRARY_PATH=/home/c/Formax_wuren_shixi/ros2_learning-main/ros2_advanced/ros2_homework_advanced_ws/install/fsd_common_msgs/lib:${LD_LIBRARY_PATH} PS1=\n(TraeAI-1) \w [$?] $ PYTHONPATH=/home/c/Formax_wuren_shixi/ros2_learning-main/ros2_advanced/ros2_homework_advanced_ws/install/fsd_common_msgs/lib/python3.12/site-packages:${PYTHONPATH} __trae_PS1=\n(TraeAI-1) \w [$?] $ /usr/bin/cmake --install /home/c/Formax_wuren_shixi/ros2_learning-main/ros2_advanced/ros2_homework_advanced_ws/build/ros2_homework_advanced
