-- The C compiler identification is GNU 13.3.0
-- The CXX compiler identification is GNU 13.3.0
-- Detecting C compiler ABI info
-- Detecting C compiler ABI info - done
-- Check for working C compiler: /usr/bin/cc - skipped
-- Detecting C compile features
-- Detecting C compile features - done
-- Detecting CXX compiler ABI info
-- Detecting CXX compiler ABI info - done
-- Check for working CXX compiler: /usr/bin/c++ - skipped
-- Detecting CXX compile features
-- Detecting CXX compile features - done
-- Found ament_cmake: 2.5.6 (/opt/ros/jazzy/share/ament_cmake/cmake)
-- Found Python3: /usr/bin/python3 (found version "3.12.3") found components: Interpreter 
-- Found rclcpp: 28.1.18 (/opt/ros/jazzy/share/rclcpp/cmake)
-- Found rosidl_generator_c: 4.6.7 (/opt/ros/jazzy/share/rosidl_generator_c/cmake)
-- Found rosidl_generator_cpp: 4.6.7 (/opt/ros/jazzy/share/rosidl_generator_cpp/cmake)
-- Using all available rosidl_typesupport_c: rosidl_typesupport_fastrtps_c;rosidl_typesupport_introspection_c
-- Using all available rosidl_typesupport_cpp: rosidl_typesupport_fastrtps_cpp;rosidl_typesupport_introspection_cpp
-- Found rmw_implementation_cmake: 7.3.3 (/opt/ros/jazzy/share/rmw_implementation_cmake/cmake)
-- Found rmw_fastrtps_cpp: 8.4.3 (/opt/ros/jazzy/share/rmw_fastrtps_cpp/cmake)
-- Found OpenSSL: /usr/lib/x86_64-linux-gnu/libcrypto.so (found version "3.0.13")  
-- Found FastRTPS: /opt/ros/jazzy/include (Required is at least version "2.13") 
-- Using RMW implementation 'rmw_fastrtps_cpp' as default
-- Found geometry_msgs: 5.3.7 (/opt/ros/jazzy/share/geometry_msgs/cmake)
-- Found ament_lint_auto: 0.17.5 (/opt/ros/jazzy/share/ament_lint_auto/cmake)
-- Added test 'copyright' to check source files copyright and LICENSE
-- Added test 'cppcheck' to perform static code analysis on C / C++ code
-- Configured cppcheck include dirs: 
-- Configured cppcheck exclude dirs and/or files: 
-- Added test 'cpplint' to check C / C++ code against the Google style
-- Configured cpplint exclude dirs and/or files: 
-- Added test 'flake8' to check Python code syntax and style conventions
-- Configured 'flake8' exclude dirs and/or files: 
-- Added test 'lint_cmake' to check CMake code style
-- Added test 'pep257' to check Python code against some of the docstring style conventions in PEP 257
-- Added test 'uncrustify' to check C / C++ code style
-- Configured uncrustify additional arguments: 
-- Added test 'xmllint' to check XML markup files
-- Configuring done (1.2s)
-- Generating done (0.0s)
-- Build files have been written to: /home/c/Formax_wuren_shixi/ros2_learning-main/ros2_homework_basic_ws/build/ros2_homework_basic_package
[ 50%] [32mBuilding CXX object CMakeFiles/bazi.dir/src/bazi.cpp.o[0m
[100%] [32m[1mLinking CXX executable bazi[0m
[100%] Built target bazi
-- Install configuration: ""
-- Installing: /home/c/Formax_wuren_shixi/ros2_learning-main/ros2_homework_basic_ws/install/ros2_homework_basic_package/lib/ros2_homework_basic_package/bazi
-- Set non-toolchain portion of runtime path of "/home/c/Formax_wuren_shixi/ros2_learning-main/ros2_homework_basic_ws/install/ros2_homework_basic_package/lib/ros2_homework_basic_package/bazi" to ""
-- Installing: /home/c/Formax_wuren_shixi/ros2_learning-main/ros2_homework_basic_ws/install/ros2_homework_basic_package/share/ros2_homework_basic_package//launch
-- Installing: /home/c/Formax_wuren_shixi/ros2_learning-main/ros2_homework_basic_ws/install/ros2_homework_basic_package/share/ros2_homework_basic_package//launch/turtle_figure_eight.launch.py
-- Installing: /home/c/Formax_wuren_shixi/ros2_learning-main/ros2_homework_basic_ws/install/ros2_homework_basic_package/share/ros2_homework_basic_package//config
-- Installing: /home/c/Formax_wuren_shixi/ros2_learning-main/ros2_homework_basic_ws/install/ros2_homework_basic_package/share/ros2_homework_basic_package//config/turtle_params.yaml
-- Installing: /home/c/Formax_wuren_shixi/ros2_learning-main/ros2_homework_basic_ws/install/ros2_homework_basic_package/share/ament_index/resource_index/package_run_dependencies/ros2_homework_basic_package
-- Installing: /home/c/Formax_wuren_shixi/ros2_learning-main/ros2_homework_basic_ws/install/ros2_homework_basic_package/share/ament_index/resource_index/parent_prefix_path/ros2_homework_basic_package
-- Installing: /home/c/Formax_wuren_shixi/ros2_learning-main/ros2_homework_basic_ws/install/ros2_homework_basic_package/share/ros2_homework_basic_package/environment/ament_prefix_path.sh
-- Installing: /home/c/Formax_wuren_shixi/ros2_learning-main/ros2_homework_basic_ws/install/ros2_homework_basic_package/share/ros2_homework_basic_package/environment/ament_prefix_path.dsv
-- Installing: /home/c/Formax_wuren_shixi/ros2_learning-main/ros2_homework_basic_ws/install/ros2_homework_basic_package/share/ros2_homework_basic_package/environment/path.sh
-- Installing: /home/c/Formax_wuren_shixi/ros2_learning-main/ros2_homework_basic_ws/install/ros2_homework_basic_package/share/ros2_homework_basic_package/environment/path.dsv
-- Installing: /home/c/Formax_wuren_shixi/ros2_learning-main/ros2_homework_basic_ws/install/ros2_homework_basic_package/share/ros2_homework_basic_package/local_setup.bash
-- Installing: /home/c/Formax_wuren_shixi/ros2_learning-main/ros2_homework_basic_ws/install/ros2_homework_basic_package/share/ros2_homework_basic_package/local_setup.sh
-- Installing: /home/c/Formax_wuren_shixi/ros2_learning-main/ros2_homework_basic_ws/install/ros2_homework_basic_package/share/ros2_homework_basic_package/local_setup.zsh
-- Installing: /home/c/Formax_wuren_shixi/ros2_learning-main/ros2_homework_basic_ws/install/ros2_homework_basic_package/share/ros2_homework_basic_package/local_setup.dsv
-- Installing: /home/c/Formax_wuren_shixi/ros2_learning-main/ros2_homework_basic_ws/install/ros2_homework_basic_package/share/ros2_homework_basic_package/package.dsv
-- Installing: /home/c/Formax_wuren_shixi/ros2_learning-main/ros2_homework_basic_ws/install/ros2_homework_basic_package/share/ament_index/resource_index/packages/ros2_homework_basic_package
-- Installing: /home/c/Formax_wuren_shixi/ros2_learning-main/ros2_homework_basic_ws/install/ros2_homework_basic_package/share/ros2_homework_basic_package/cmake/ros2_homework_basic_packageConfig.cmake
-- Installing: /home/c/Formax_wuren_shixi/ros2_learning-main/ros2_homework_basic_ws/install/ros2_homework_basic_package/share/ros2_homework_basic_package/cmake/ros2_homework_basic_packageConfig-version.cmake
-- Installing: /home/c/Formax_wuren_shixi/ros2_learning-main/ros2_homework_basic_ws/install/ros2_homework_basic_package/share/ros2_homework_basic_package/package.xml
